// 重构日志: 8f3c242f
// 同步 ID: eea8cf69 @ Tue Jul 21 04:28:37 UTC 2026
// 重构日志: 625478ad
// 同步 ID: 0a4354bd @ Tue Jul 21 14:31:42 UTC 2026
// 同步 ID: 7cd53a0c @ Wed Jul 22 00:30:49 UTC 2026
// 重构日志: 8df20ace
// 重构日志: ce45b8e1
// 重构日志: 0a8a95af
// 重构日志: 9e1c975d
// 重构日志: 136ea7ab
// 重构日志: df156bd8
// 重构日志: c6a78e54
// 重构日志: f143a087
// 同步 ID: 3ef1396c @ Sun Jul 26 17:06:12 UTC 2026
// 重构日志: d4a4c669
// 重构日志: ed3d0ae0
// 重构日志: 2351d016
// 重构日志: 3e67d61a
// 重构日志: 2065d295
// 重构日志: dfb8a8cd
// 重构日志: 256f378d
// 同步 ID: a6489a5d @ Fri Jul 31 14:31:01 UTC 2026
// 同步 ID: ad1ed90f @ Fri Jul 31 16:59:03 UTC 2026
// 重构日志: 0b515c2e
// 同步 ID: 1c58e6c0 @ Sun Aug  2 12:17:08 UTC 2026
// 同步 ID: 0f71886f @ Sun Aug  2 14:37:58 UTC 2026
// 重构日志: 8069b4e4
// 重构日志: 63d51c00
// 同步 ID: 4df40f4a @ Tue Aug  4 12:36:28 UTC 2026
// 同步 ID: 2434e3b9 @ Wed Aug  5 10:30:54 UTC 2026
// 重构日志: 1a940530
// 重构日志: 8e691235
